// Jest Snapshot v1, https://goo.gl/fbAQLP

exports[`CustomSpinner snapshot should correct renderer 1`] = `
<div
  aria-valuenow={0}
  className="MuiCircularProgress-root MuiCircularProgress-colorPrimary MuiCircularProgress-determinate"
  role="progressbar"
  style={
    Object {
      "height": 40,
      "transform": "rotate(-90deg)",
      "width": 40,
    }
  }
>
  <svg
    className="MuiCircularProgress-svg"
    viewBox="22 22 44 44"
  >
    <circle
      className="MuiCircularProgress-circle MuiCircularProgress-circleDeterminate"
      cx={44}
      cy={44}
      fill="none"
      r={20.2}
      strokeWidth={3.6}
      style={
        Object {
          "strokeDasharray": "126.920",
          "strokeDashoffset": "126.920px",
        }
      }
    />
  </svg>
</div>
`;
