// Jest Snapshot v1, https://goo.gl/fbAQLP

exports[`About snapshot should correct renderer 1`] = `
<div
  className="STFlex-m28u7z-0 qXibz"
  data-at="wrapper_cast-page"
>
  <div
    className="MuiCircularProgress-root MuiCircularProgress-colorPrimary MuiCircularProgress-indeterminate"
    role="progressbar"
    style={
      Object {
        "height": 150,
        "width": 150,
      }
    }
  >
    <svg
      className="MuiCircularProgress-svg"
      viewBox="22 22 44 44"
    >
      <circle
        className="MuiCircularProgress-circle MuiCircularProgress-circleIndeterminate"
        cx={44}
        cy={44}
        fill="none"
        r={19.5}
        strokeWidth={5}
        style={Object {}}
      />
    </svg>
  </div>
</div>
`;
